// Jest Snapshot v1, https://goo.gl/fbAQLP

exports[`App App render 1`] = `
<View
  style={
    Object {
      "flex": 1,
    }
  }
>
  <RNCSafeAreaProvider
    onInsetsChange={[Function]}
    style={
      Array [
        Object {
          "flex": 1,
        },
        undefined,
      ]
    }
  >
    <View
      onLayout={[Function]}
      style={
        Object {
          "flex": 1,
        }
      }
    >
      <View
        pointerEvents="box-none"
        style={
          Object {
            "bottom": 0,
            "left": 0,
            "position": "absolute",
            "right": 0,
            "top": 0,
          }
        }
      >
        <View
          collapsable={false}
          style={
            Object {
              "opacity": 1,
            }
          }
        />
        <View
          accessibilityElementsHidden={false}
          closing={false}
          gestureVelocityImpact={0.3}
          importantForAccessibility="auto"
          onClose={[Function]}
          onGestureBegin={[Function]}
          onGestureCanceled={[Function]}
          onGestureEnd={[Function]}
          onOpen={[Function]}
          onTransitionStart={[Function]}
          pointerEvents="box-none"
          style={
            Object {
              "bottom": 0,
              "left": 0,
              "position": "absolute",
              "right": 0,
              "top": 0,
            }
          }
          transitionSpec={
            Object {
              "close": Object {
                "animation": "spring",
                "config": Object {
                  "damping": 500,
                  "mass": 3,
                  "overshootClamping": true,
                  "restDisplacementThreshold": 10,
                  "restSpeedThreshold": 10,
                  "stiffness": 1000,
                },
              },
              "open": Object {
                "animation": "spring",
                "config": Object {
                  "damping": 500,
                  "mass": 3,
                  "overshootClamping": true,
                  "restDisplacementThreshold": 10,
                  "restSpeedThreshold": 10,
                  "stiffness": 1000,
                },
              },
            }
          }
        >
          <View
            needsOffscreenAlphaCompositing={false}
            pointerEvents="box-none"
            style={
              Object {
                "flex": 1,
              }
            }
          >
            <View
              enabled={false}
              hitSlop={
                Object {
                  "right": -700,
                }
              }
              maxDeltaY={20}
              minOffsetX={5}
              onHandlerStateChange={[Function]}
            >
              <View
                style={
                  Object {
                    "flex": 1,
                    "transform": Array [
                      Object {
                        "translateX": 0,
                      },
                      Object {
                        "translateX": 0,
                      },
                    ],
                  }
                }
              >
                <View
                  pointerEvents="none"
                  style={
                    Object {
                      "backgroundColor": "rgb(242, 242, 242)",
                      "bottom": 0,
                      "left": 0,
                      "position": "absolute",
                      "shadowColor": "#000",
                      "shadowOffset": Object {
                        "height": 1,
                        "width": -1,
                      },
                      "shadowOpacity": 0.3,
                      "shadowRadius": 5,
                      "top": 0,
                      "width": 3,
                    }
                  }
                />
                <View
                  style={
                    Array [
                      Object {
                        "flex": 1,
                        "overflow": "hidden",
                      },
                      Array [
                        Object {
                          "backgroundColor": "rgb(242, 242, 242)",
                        },
                        undefined,
                      ],
                    ]
                  }
                >
                  <View
                    style={
                      Object {
                        "flex": 1,
                        "flexDirection": "column-reverse",
                      }
                    }
                  >
                    <View
                      style={
                        Object {
                          "flex": 1,
                        }
                      }
                    >
                      <RCTSafeAreaView
                        emulateUnlessSupported={true}
                        style={
                          Object {
                            "alignItems": "center",
                            "backgroundColor": "#FFFFFF",
                            "flex": 1,
                          }
                        }
                      >
                        <View
                          style={
                            Object {
                              "alignItems": "center",
                              "flex": 1,
                              "height": "100%",
                              "justifyContent": "center",
                              "width": "100%",
                            }
                          }
                        >
                          <Image
                            source={
                              Object {
                                "testUri": "../../../assets/NCTRClogo.png",
                              }
                            }
                            style={
                              Object {
                                "height": 300,
                                "width": 300,
                              }
                            }
                          />
                          <View
                            accessible={true}
                            focusable={true}
                            onClick={[Function]}
                            onResponderGrant={[Function]}
                            onResponderMove={[Function]}
                            onResponderRelease={[Function]}
                            onResponderTerminate={[Function]}
                            onResponderTerminationRequest={[Function]}
                            onStartShouldSetResponder={[Function]}
                            style={
                              Object {
                                "alignItems": "center",
                                "backgroundColor": "#884633",
                                "borderRadius": 9,
                                "height": 60,
                                "margin": 20,
                                "opacity": 1,
                                "width": 230,
                              }
                            }
                          >
                            <Text
                              style={
                                Object {
                                  "color": "white",
                                  "fontSize": 15,
                                  "marginTop": 18,
                                }
                              }
                            >
                              Check In
                            </Text>
                          </View>
                          <View
                            accessible={true}
                            focusable={true}
                            onClick={[Function]}
                            onResponderGrant={[Function]}
                            onResponderMove={[Function]}
                            onResponderRelease={[Function]}
                            onResponderTerminate={[Function]}
                            onResponderTerminationRequest={[Function]}
                            onStartShouldSetResponder={[Function]}
                            style={
                              Object {
                                "alignItems": "center",
                                "backgroundColor": "#884633",
                                "borderRadius": 9,
                                "height": 60,
                                "margin": 20,
                                "opacity": 1,
                                "width": 230,
                              }
                            }
                          >
                            <Text
                              style={
                                Object {
                                  "color": "white",
                                  "fontSize": 15,
                                  "marginTop": 18,
                                }
                              }
                            >
                              Check Out
                            </Text>
                          </View>
                          <View
                            style={
                              Object {
                                "marginBottom": 150,
                              }
                            }
                          />
                          <View
                            accessibilityRole="button"
                            accessibilityState={Object {}}
                            accessible={true}
                            focusable={true}
                            onClick={[Function]}
                            onResponderGrant={[Function]}
                            onResponderMove={[Function]}
                            onResponderRelease={[Function]}
                            onResponderTerminate={[Function]}
                            onResponderTerminationRequest={[Function]}
                            onStartShouldSetResponder={[Function]}
                            style={
                              Object {
                                "opacity": 1,
                              }
                            }
                          >
                            <View
                              style={
                                Array [
                                  Object {},
                                ]
                              }
                            >
                              <Text
                                style={
                                  Array [
                                    Object {
                                      "color": "#007AFF",
                                      "fontSize": 18,
                                      "margin": 8,
                                      "textAlign": "center",
                                    },
                                    Object {
                                      "color": "#884633",
                                    },
                                  ]
                                }
                              >
                                Sign in as Admin
                              </Text>
                            </View>
                          </View>
                        </View>
                      </RCTSafeAreaView>
                    </View>
                  </View>
                </View>
              </View>
            </View>
          </View>
        </View>
      </View>
    </View>
  </RNCSafeAreaProvider>
</View>
`;
