// Jest Snapshot v1, https://goo.gl/fbAQLP

exports[`Homescreen renders App render 1`] = `
<RCTSafeAreaView
  emulateUnlessSupported={true}
  style={
    Object {
      "alignItems": "center",
      "backgroundColor": "#FFFFFF",
      "flex": 1,
    }
  }
>
  <View
    style={
      Object {
        "alignItems": "center",
        "flex": 1,
        "height": "100%",
        "justifyContent": "center",
        "width": "100%",
      }
    }
  >
    <Image
      source={
        Object {
          "testUri": "../../../assets/NCTRClogo.png",
        }
      }
      style={
        Object {
          "height": 300,
          "width": 300,
        }
      }
    />
    <View
      accessible={true}
      focusable={true}
      onClick={[Function]}
      onResponderGrant={[Function]}
      onResponderMove={[Function]}
      onResponderRelease={[Function]}
      onResponderTerminate={[Function]}
      onResponderTerminationRequest={[Function]}
      onStartShouldSetResponder={[Function]}
      style={
        Object {
          "alignItems": "center",
          "backgroundColor": "#884633",
          "borderRadius": 9,
          "height": 60,
          "margin": 20,
          "opacity": 1,
          "width": 230,
        }
      }
    >
      <Text
        style={
          Object {
            "color": "white",
            "fontSize": 15,
            "marginTop": 18,
          }
        }
      >
        Check In
      </Text>
    </View>
    <View
      accessible={true}
      focusable={true}
      onClick={[Function]}
      onResponderGrant={[Function]}
      onResponderMove={[Function]}
      onResponderRelease={[Function]}
      onResponderTerminate={[Function]}
      onResponderTerminationRequest={[Function]}
      onStartShouldSetResponder={[Function]}
      style={
        Object {
          "alignItems": "center",
          "backgroundColor": "#884633",
          "borderRadius": 9,
          "height": 60,
          "margin": 20,
          "opacity": 1,
          "width": 230,
        }
      }
    >
      <Text
        style={
          Object {
            "color": "white",
            "fontSize": 15,
            "marginTop": 18,
          }
        }
      >
        Check Out
      </Text>
    </View>
    <View
      style={
        Object {
          "marginBottom": 150,
        }
      }
    />
    <View
      accessibilityRole="button"
      accessibilityState={Object {}}
      accessible={true}
      focusable={true}
      onClick={[Function]}
      onResponderGrant={[Function]}
      onResponderMove={[Function]}
      onResponderRelease={[Function]}
      onResponderTerminate={[Function]}
      onResponderTerminationRequest={[Function]}
      onStartShouldSetResponder={[Function]}
      style={
        Object {
          "opacity": 1,
        }
      }
    >
      <View
        style={
          Array [
            Object {},
          ]
        }
      >
        <Text
          style={
            Array [
              Object {
                "color": "#007AFF",
                "fontSize": 18,
                "margin": 8,
                "textAlign": "center",
              },
              Object {
                "color": "#884633",
              },
            ]
          }
        >
          Sign in as Admin
        </Text>
      </View>
    </View>
  </View>
</RCTSafeAreaView>
`;
